// Jest Snapshot v1, https://goo.gl/fbAQLP

exports[`Utils getDataSchema for date value having typeStrict:false 1`] = `
Array [
  "a: any",
  "b: any",
  Object {
    "c": "any",
  },
  Object {
    "d": Array [
      "a: any",
      Object {
        "b": "any",
      },
      Object {
        "c": Array [
          "d: any",
        ],
      },
      Object {
        "e": "any",
      },
    ],
  },
  "e: any",
  Object {
    "f": "any",
  },
]
`;

exports[`Utils getDataSchema for date value having typeStrict:false: array_validation 1`] = `"any"`;

exports[`Utils getDataSchema with type strict 1`] = `
Array [
  "a: number",
  "b: string | null",
  Object {
    "c": "number",
  },
  Object {
    "d": Array [
      "a: number",
      Object {
        "b": "number",
      },
      Object {
        "c": Array [
          "d: number",
        ],
      },
      Object {
        "e": Array [],
      },
    ],
  },
  "e: Date",
  Object {
    "f": "number[]",
  },
]
`;

exports[`Utils getDataSchema with type strict: array_validation 1`] = `"string[]"`;
